=== STDOUT ===
  복원할 프로젝트를 확인하는 중...
  복원할 모든 프로젝트가 최신 상태입니다.
c:\Users\minse\.gemini\antigravity\playground\spatial-kilonova\FluentFlyout\FluentFlyoutWPF\Classes\Settings\SettingsManager.cs(70,59): warning CS8625: Null 리터럴을 null을 허용하지 않는 참조 형식으로 변환할 수 없습니다. [c:\Users\minse\.gemini\antigravity\playground\spatial-kilonova\FluentFlyout\FluentFlyoutWPF\FluentFlyout_igkbugqf_wpftmp.csproj]
c:\Users\minse\.gemini\antigravity\playground\spatial-kilonova\FluentFlyout\FluentFlyoutWPF\Classes\Settings\SettingsManager.cs(108,55): warning CS8625: Null 리터럴을 null을 허용하지 않는 참조 형식으로 변환할 수 없습니다. [c:\Users\minse\.gemini\antigravity\playground\spatial-kilonova\FluentFlyout\FluentFlyoutWPF\FluentFlyout_igkbugqf_wpftmp.csproj]
c:\Users\minse\.gemini\antigravity\playground\spatial-kilonova\FluentFlyout\FluentFlyoutWPF\Pages\HomePage.xaml.cs(46,17): warning CS8604: 'string string.Format(string format, object? arg0)'의 매개 변수 'format'에 대한 가능한 null 참조 인수입니다. [c:\Users\minse\.gemini\antigravity\playground\spatial-kilonova\FluentFlyout\FluentFlyoutWPF\FluentFlyout_igkbugqf_wpftmp.csproj]
c:\Users\minse\.gemini\antigravity\playground\spatial-kilonova\FluentFlyout\FluentFlyoutWPF\Pages\SystemPage.xaml.cs(81,26): warning CS8629: Nullable 값 형식이 null일 수 있습니다. [c:\Users\minse\.gemini\antigravity\playground\spatial-kilonova\FluentFlyout\FluentFlyoutWPF\FluentFlyout_igkbugqf_wpftmp.csproj]
c:\Users\minse\.gemini\antigravity\playground\spatial-kilonova\FluentFlyout\FluentFlyoutWPF\MainWindow.xaml.cs(144,31): warning CS8600: null 리터럴 또는 가능한 null 값을 null을 허용하지 않는 형식으로 변환하는 중입니다. [c:\Users\minse\.gemini\antigravity\playground\spatial-kilonova\FluentFlyout\FluentFlyoutWPF\FluentFlyout_igkbugqf_wpftmp.csproj]
c:\Users\minse\.gemini\antigravity\playground\spatial-kilonova\FluentFlyout\FluentFlyoutWPF\MainWindow.xaml.cs(145,37): warning CS8600: null 리터럴 또는 가능한 null 값을 null을 허용하지 않는 형식으로 변환하는 중입니다. [c:\Users\minse\.gemini\antigravity\playground\spatial-kilonova\FluentFlyout\FluentFlyoutWPF\FluentFlyout_igkbugqf_wpftmp.csproj]
c:\Users\minse\.gemini\antigravity\playground\spatial-kilonova\FluentFlyout\FluentFlyoutWPF\MainWindow.xaml.cs(146,43): warning CS8604: 'void RegistryKey.SetValue(string? name, object value)'의 매개 변수 'value'에 대한 가능한 null 참조 인수입니다. [c:\Users\minse\.gemini\antigravity\playground\spatial-kilonova\FluentFlyout\FluentFlyoutWPF\FluentFlyout_igkbugqf_wpftmp.csproj]
c:\Users\minse\.gemini\antigravity\playground\spatial-kilonova\FluentFlyout\FluentFlyoutWPF\Pages\SystemPage.xaml.cs(183,54): warning CS8602: null 가능 참조에 대한 역참조입니다. [c:\Users\minse\.gemini\antigravity\playground\spatial-kilonova\FluentFlyout\FluentFlyoutWPF\FluentFlyout_igkbugqf_wpftmp.csproj]
c:\Users\minse\.gemini\antigravity\playground\spatial-kilonova\FluentFlyout\FluentFlyoutWPF\Classes\Utils\MediaPlayerData.cs(28,20): warning CS8619: '(string Title, ImageSource? Icon)' 형식의 값에 있는 참조 형식 Null 허용 여부가 '(string, ImageSource)' 대상 형식과 일치하지 않습니다. [c:\Users\minse\.gemini\antigravity\playground\spatial-kilonova\FluentFlyout\FluentFlyoutWPF\FluentFlyout_igkbugqf_wpftmp.csproj]
c:\Users\minse\.gemini\antigravity\playground\spatial-kilonova\FluentFlyout\FluentFlyoutWPF\Classes\Utils\MediaPlayerData.cs(135,16): warning CS8619: '(string mediaTitle, ImageSource? mediaIcon)' 형식의 값에 있는 참조 형식 Null 허용 여부가 '(string, ImageSource)' 대상 형식과 일치하지 않습니다. [c:\Users\minse\.gemini\antigravity\playground\spatial-kilonova\FluentFlyout\FluentFlyoutWPF\FluentFlyout_igkbugqf_wpftmp.csproj]
c:\Users\minse\.gemini\antigravity\playground\spatial-kilonova\FluentFlyout\FluentFlyoutWPF\Classes\Utils\MediaPlayerData.cs(20,48): warning CS8625: Null 리터럴을 null을 허용하지 않는 참조 형식으로 변환할 수 없습니다. [c:\Users\minse\.gemini\antigravity\playground\spatial-kilonova\FluentFlyout\FluentFlyoutWPF\FluentFlyout_igkbugqf_wpftmp.csproj]
c:\Users\minse\.gemini\antigravity\playground\spatial-kilonova\FluentFlyout\FluentFlyoutWPF\Classes\Utils\MediaPlayerData.cs(14,23): warning CS8618: null을 허용하지 않는 속성 'Title'은(는) 생성자를 종료할 때 null이 아닌 값을 포함해야 합니다. 'required' 한정자를 추가하거나 속성을(를) nullable로 선언하는 것이 좋습니다. [c:\Users\minse\.gemini\antigravity\playground\spatial-kilonova\FluentFlyout\FluentFlyoutWPF\FluentFlyout_igkbugqf_wpftmp.csproj]
c:\Users\minse\.gemini\antigravity\playground\spatial-kilonova\FluentFlyout\FluentFlyoutWPF\Classes\Notifications.cs(96,44): warning CS8604: 'string string.Format(string format, object? arg0)'의 매개 변수 'format'에 대한 가능한 null 참조 인수입니다. [c:\Users\minse\.gemini\antigravity\playground\spatial-kilonova\FluentFlyout\FluentFlyoutWPF\FluentFlyout_igkbugqf_wpftmp.csproj]
c:\Users\minse\.gemini\antigravity\playground\spatial-kilonova\FluentFlyout\FluentFlyoutWPF\Classes\Notifications.cs(135,40): warning CS8604: 'string string.Format(string format, object? arg0)'의 매개 변수 'format'에 대한 가능한 null 참조 인수입니다. [c:\Users\minse\.gemini\antigravity\playground\spatial-kilonova\FluentFlyout\FluentFlyoutWPF\FluentFlyout_igkbugqf_wpftmp.csproj]
c:\Users\minse\.gemini\antigravity\playground\spatial-kilonova\FluentFlyout\FluentFlyoutWPF\MainWindow.xaml.cs(314,31): warning CS8602: null 가능 참조에 대한 역참조입니다. [c:\Users\minse\.gemini\antigravity\playground\spatial-kilonova\FluentFlyout\FluentFlyoutWPF\FluentFlyout_igkbugqf_wpftmp.csproj]
c:\Users\minse\.gemini\antigravity\playground\spatial-kilonova\FluentFlyout\FluentFlyoutWPF\MainWindow.xaml.cs(315,26): warning CS8602: null 가능 참조에 대한 역참조입니다. [c:\Users\minse\.gemini\antigravity\playground\spatial-kilonova\FluentFlyout\FluentFlyoutWPF\FluentFlyout_igkbugqf_wpftmp.csproj]
c:\Users\minse\.gemini\antigravity\playground\spatial-kilonova\FluentFlyout\FluentFlyoutWPF\Classes\Visualizer.cs(272,13): warning CS8602: null 가능 참조에 대한 역참조입니다. [c:\Users\minse\.gemini\antigravity\playground\spatial-kilonova\FluentFlyout\FluentFlyoutWPF\FluentFlyout_igkbugqf_wpftmp.csproj]
c:\Users\minse\.gemini\antigravity\playground\spatial-kilonova\FluentFlyout\FluentFlyoutWPF\Classes\Visualizer.cs(324,25): warning CS8602: null 가능 참조에 대한 역참조입니다. [c:\Users\minse\.gemini\antigravity\playground\spatial-kilonova\FluentFlyout\FluentFlyoutWPF\FluentFlyout_igkbugqf_wpftmp.csproj]
c:\Users\minse\.gemini\antigravity\playground\spatial-kilonova\FluentFlyout\FluentFlyoutWPF\MainWindow.xaml.cs(426,31): warning CS8602: null 가능 참조에 대한 역참조입니다. [c:\Users\minse\.gemini\antigravity\playground\spatial-kilonova\FluentFlyout\FluentFlyoutWPF\FluentFlyout_igkbugqf_wpftmp.csproj]
c:\Users\minse\.gemini\antigravity\playground\spatial-kilonova\FluentFlyout\FluentFlyoutWPF\MainWindow.xaml.cs(427,26): warning CS8602: null 가능 참조에 대한 역참조입니다. [c:\Users\minse\.gemini\antigravity\playground\spatial-kilonova\FluentFlyout\FluentFlyoutWPF\FluentFlyout_igkbugqf_wpftmp.csproj]
c:\Users\minse\.gemini\antigravity\playground\spatial-kilonova\FluentFlyout\FluentFlyoutWPF\MainWindow.xaml.cs(489,46): warning CS8602: null 가능 참조에 대한 역참조입니다. [c:\Users\minse\.gemini\antigravity\playground\spatial-kilonova\FluentFlyout\FluentFlyoutWPF\FluentFlyout_igkbugqf_wpftmp.csproj]
c:\Users\minse\.gemini\antigravity\playground\spatial-kilonova\FluentFlyout\FluentFlyoutWPF\Classes\Settings\SettingsManager.cs(81,32): warning CS8600: null 리터럴 또는 가능한 null 값을 null을 허용하지 않는 형식으로 변환하는 중입니다. [c:\Users\minse\.gemini\antigravity\playground\spatial-kilonova\FluentFlyout\FluentFlyoutWPF\FluentFlyout_igkbugqf_wpftmp.csproj]
c:\Users\minse\.gemini\antigravity\playground\spatial-kilonova\FluentFlyout\FluentFlyoutWPF\Classes\Settings\SettingsManager.cs(81,32): warning CS8601: 가능한 null 참조 할당입니다. [c:\Users\minse\.gemini\antigravity\playground\spatial-kilonova\FluentFlyout\FluentFlyoutWPF\FluentFlyout_igkbugqf_wpftmp.csproj]
c:\Users\minse\.gemini\antigravity\playground\spatial-kilonova\FluentFlyout\FluentFlyoutWPF\Classes\Settings\SettingsManager.cs(82,21): warning CS8602: null 가능 참조에 대한 역참조입니다. [c:\Users\minse\.gemini\antigravity\playground\spatial-kilonova\FluentFlyout\FluentFlyoutWPF\FluentFlyout_igkbugqf_wpftmp.csproj]
c:\Users\minse\.gemini\antigravity\playground\spatial-kilonova\FluentFlyout\FluentFlyoutWPF\Classes\Visualizer.cs(343,30): warning CS8602: null 가능 참조에 대한 역참조입니다. [c:\Users\minse\.gemini\antigravity\playground\spatial-kilonova\FluentFlyout\FluentFlyoutWPF\FluentFlyout_igkbugqf_wpftmp.csproj]
c:\Users\minse\.gemini\antigravity\playground\spatial-kilonova\FluentFlyout\FluentFlyoutWPF\Classes\Visualizer.cs(392,38): warning CS8602: null 가능 참조에 대한 역참조입니다. [c:\Users\minse\.gemini\antigravity\playground\spatial-kilonova\FluentFlyout\FluentFlyoutWPF\FluentFlyout_igkbugqf_wpftmp.csproj]
c:\Users\minse\.gemini\antigravity\playground\spatial-kilonova\FluentFlyout\FluentFlyoutWPF\Classes\Settings\SettingsManager.cs(114,32): warning CS8600: null 리터럴 또는 가능한 null 값을 null을 허용하지 않는 형식으로 변환하는 중입니다. [c:\Users\minse\.gemini\antigravity\playground\spatial-kilonova\FluentFlyout\FluentFlyoutWPF\FluentFlyout_igkbugqf_wpftmp.csproj]
c:\Users\minse\.gemini\antigravity\playground\spatial-kilonova\FluentFlyout\FluentFlyoutWPF\Classes\Settings\SettingsManager.cs(24,33): warning CS8618: null을 허용하지 않는 필드 '_current'은(는) 생성자를 종료할 때 null이 아닌 값을 포함해야 합니다. 'required' 한정자를 추가하거나 필드을(를) nullable로 선언하는 것이 좋습니다. [c:\Users\minse\.gemini\antigravity\playground\spatial-kilonova\FluentFlyout\FluentFlyoutWPF\FluentFlyout_igkbugqf_wpftmp.csproj]
c:\Users\minse\.gemini\antigravity\playground\spatial-kilonova\FluentFlyout\FluentFlyoutWPF\Classes\Visualizer.cs(450,68): warning CS8602: null 가능 참조에 대한 역참조입니다. [c:\Users\minse\.gemini\antigravity\playground\spatial-kilonova\FluentFlyout\FluentFlyoutWPF\FluentFlyout_igkbugqf_wpftmp.csproj]
c:\Users\minse\.gemini\antigravity\playground\spatial-kilonova\FluentFlyout\FluentFlyoutWPF\MainWindow.xaml.cs(653,51): warning CS8604: 'void NextUpWindow.UpdateThumbnail(BitmapImage thumbnail)'의 매개 변수 'thumbnail'에 대한 가능한 null 참조 인수입니다. [c:\Users\minse\.gemini\antigravity\playground\spatial-kilonova\FluentFlyout\FluentFlyoutWPF\FluentFlyout_igkbugqf_wpftmp.csproj]
c:\Users\minse\.gemini\antigravity\playground\spatial-kilonova\FluentFlyout\FluentFlyoutWPF\MainWindow.xaml.cs(626,90): warning CS8604: 'NextUpWindow.NextUpWindow(string title, string artist, BitmapImage thumbnail)'의 매개 변수 'thumbnail'에 대한 가능한 null 참조 인수입니다. [c:\Users\minse\.gemini\antigravity\playground\spatial-kilonova\FluentFlyout\FluentFlyoutWPF\FluentFlyout_igkbugqf_wpftmp.csproj]
c:\Users\minse\.gemini\antigravity\playground\spatial-kilonova\FluentFlyout\FluentFlyoutWPF\MainWindow.xaml.cs(661,33): warning CS8602: null 가능 참조에 대한 역참조입니다. [c:\Users\minse\.gemini\antigravity\playground\spatial-kilonova\FluentFlyout\FluentFlyoutWPF\FluentFlyout_igkbugqf_wpftmp.csproj]
c:\Users\minse\.gemini\antigravity\playground\spatial-kilonova\FluentFlyout\FluentFlyoutWPF\MainWindow.xaml.cs(716,42): warning CS8600: null 리터럴 또는 가능한 null 값을 null을 허용하지 않는 형식으로 변환하는 중입니다. [c:\Users\minse\.gemini\antigravity\playground\spatial-kilonova\FluentFlyout\FluentFlyoutWPF\FluentFlyout_igkbugqf_wpftmp.csproj]
c:\Users\minse\.gemini\antigravity\playground\spatial-kilonova\FluentFlyout\FluentFlyoutWPF\MainWindow.xaml.cs(718,75): warning CS8602: null 가능 참조에 대한 역참조입니다. [c:\Users\minse\.gemini\antigravity\playground\spatial-kilonova\FluentFlyout\FluentFlyoutWPF\FluentFlyout_igkbugqf_wpftmp.csproj]
c:\Users\minse\.gemini\antigravity\playground\spatial-kilonova\FluentFlyout\FluentFlyoutWPF\MainWindow.xaml.cs(805,18): warning CS8604: 'void MainWindow.UpdateUI(MediaSession mediaSession)'의 매개 변수 'mediaSession'에 대한 가능한 null 참조 인수입니다. [c:\Users\minse\.gemini\antigravity\playground\spatial-kilonova\FluentFlyout\FluentFlyoutWPF\FluentFlyout_igkbugqf_wpftmp.csproj]
c:\Users\minse\.gemini\antigravity\playground\spatial-kilonova\FluentFlyout\FluentFlyoutWPF\MainWindow.xaml.cs(807,33): warning CS8602: null 가능 참조에 대한 역참조입니다. [c:\Users\minse\.gemini\antigravity\playground\spatial-kilonova\FluentFlyout\FluentFlyoutWPF\FluentFlyout_igkbugqf_wpftmp.csproj]
c:\Users\minse\.gemini\antigravity\playground\spatial-kilonova\FluentFlyout\FluentFlyoutWPF\MainWindow.xaml.cs(1153,13): warning CS8602: null 가능 참조에 대한 역참조입니다. [c:\Users\minse\.gemini\antigravity\playground\spatial-kilonova\FluentFlyout\FluentFlyoutWPF\FluentFlyout_igkbugqf_wpftmp.csproj]
c:\Users\minse\.gemini\antigravity\playground\spatial-kilonova\FluentFlyout\FluentFlyoutWPF\MainWindow.xaml.cs(1156,19): warning CS8602: null 가능 참조에 대한 역참조입니다. [c:\Users\minse\.gemini\antigravity\playground\spatial-kilonova\FluentFlyout\FluentFlyoutWPF\FluentFlyout_igkbugqf_wpftmp.csproj]
c:\Users\minse\.gemini\antigravity\playground\spatial-kilonova\FluentFlyout\FluentFlyoutWPF\MainWindow.xaml.cs(1158,18): warning CS8602: null 가능 참조에 대한 역참조입니다. [c:\Users\minse\.gemini\antigravity\playground\spatial-kilonova\FluentFlyout\FluentFlyoutWPF\FluentFlyout_igkbugqf_wpftmp.csproj]
c:\Users\minse\.gemini\antigravity\playground\spatial-kilonova\FluentFlyout\FluentFlyoutWPF\MainWindow.xaml.cs(1161,19): warning CS8602: null 가능 참조에 대한 역참조입니다. [c:\Users\minse\.gemini\antigravity\playground\spatial-kilonova\FluentFlyout\FluentFlyoutWPF\FluentFlyout_igkbugqf_wpftmp.csproj]
c:\Users\minse\.gemini\antigravity\playground\spatial-kilonova\FluentFlyout\FluentFlyoutWPF\MainWindow.xaml.cs(1163,18): warning CS8602: null 가능 참조에 대한 역참조입니다. [c:\Users\minse\.gemini\antigravity\playground\spatial-kilonova\FluentFlyout\FluentFlyoutWPF\FluentFlyout_igkbugqf_wpftmp.csproj]
c:\Users\minse\.gemini\antigravity\playground\spatial-kilonova\FluentFlyout\FluentFlyoutWPF\MainWindow.xaml.cs(1166,19): warning CS8602: null 가능 참조에 대한 역참조입니다. [c:\Users\minse\.gemini\antigravity\playground\spatial-kilonova\FluentFlyout\FluentFlyoutWPF\FluentFlyout_igkbugqf_wpftmp.csproj]
c:\Users\minse\.gemini\antigravity\playground\spatial-kilonova\FluentFlyout\FluentFlyoutWPF\MainWindow.xaml.cs(1175,13): warning CS8602: null 가능 참조에 대한 역참조입니다. [c:\Users\minse\.gemini\antigravity\playground\spatial-kilonova\FluentFlyout\FluentFlyoutWPF\FluentFlyout_igkbugqf_wpftmp.csproj]
c:\Users\minse\.gemini\antigravity\playground\spatial-kilonova\FluentFlyout\FluentFlyoutWPF\MainWindow.xaml.cs(1178,19): warning CS8602: null 가능 참조에 대한 역참조입니다. [c:\Users\minse\.gemini\antigravity\playground\spatial-kilonova\FluentFlyout\FluentFlyoutWPF\FluentFlyout_igkbugqf_wpftmp.csproj]
c:\Users\minse\.gemini\antigravity\playground\spatial-kilonova\FluentFlyout\FluentFlyoutWPF\MainWindow.xaml.cs(1183,19): warning CS8602: null 가능 참조에 대한 역참조입니다. [c:\Users\minse\.gemini\antigravity\playground\spatial-kilonova\FluentFlyout\FluentFlyoutWPF\FluentFlyout_igkbugqf_wpftmp.csproj]
c:\Users\minse\.gemini\antigravity\playground\spatial-kilonova\FluentFlyout\FluentFlyoutWPF\MainWindow.xaml.cs(1507,33): warning CS8600: null 리터럴 또는 가능한 null 값을 null을 허용하지 않는 형식으로 변환하는 중입니다. [c:\Users\minse\.gemini\antigravity\playground\spatial-kilonova\FluentFlyout\FluentFlyoutWPF\FluentFlyout_igkbugqf_wpftmp.csproj]
c:\Users\minse\.gemini\antigravity\playground\spatial-kilonova\FluentFlyout\FluentFlyoutWPF\Classes\Settings\SettingsManager.cs(70,59): warning CS8625: Null 리터럴을 null을 허용하지 않는 참조 형식으로 변환할 수 없습니다. [c:\Users\minse\.gemini\antigravity\playground\spatial-kilonova\FluentFlyout\FluentFlyoutWPF\FluentFlyout.csproj]
c:\Users\minse\.gemini\antigravity\playground\spatial-kilonova\FluentFlyout\FluentFlyoutWPF\Classes\Settings\SettingsManager.cs(108,55): warning CS8625: Null 리터럴을 null을 허용하지 않는 참조 형식으로 변환할 수 없습니다. [c:\Users\minse\.gemini\antigravity\playground\spatial-kilonova\FluentFlyout\FluentFlyoutWPF\FluentFlyout.csproj]
c:\Users\minse\.gemini\antigravity\playground\spatial-kilonova\FluentFlyout\FluentFlyoutWPF\Classes\Utils\MediaPlayerData.cs(28,20): warning CS8619: '(string Title, ImageSource? Icon)' 형식의 값에 있는 참조 형식 Null 허용 여부가 '(string, ImageSource)' 대상 형식과 일치하지 않습니다. [c:\Users\minse\.gemini\antigravity\playground\spatial-kilonova\FluentFlyout\FluentFlyoutWPF\FluentFlyout.csproj]
c:\Users\minse\.gemini\antigravity\playground\spatial-kilonova\FluentFlyout\FluentFlyoutWPF\Classes\Utils\MediaPlayerData.cs(135,16): warning CS8619: '(string mediaTitle, ImageSource? mediaIcon)' 형식의 값에 있는 참조 형식 Null 허용 여부가 '(string, ImageSource)' 대상 형식과 일치하지 않습니다. [c:\Users\minse\.gemini\antigravity\playground\spatial-kilonova\FluentFlyout\FluentFlyoutWPF\FluentFlyout.csproj]
c:\Users\minse\.gemini\antigravity\playground\spatial-kilonova\FluentFlyout\FluentFlyoutWPF\Classes\Utils\MediaPlayerData.cs(20,48): warning CS8625: Null 리터럴을 null을 허용하지 않는 참조 형식으로 변환할 수 없습니다. [c:\Users\minse\.gemini\antigravity\playground\spatial-kilonova\FluentFlyout\FluentFlyoutWPF\FluentFlyout.csproj]
c:\Users\minse\.gemini\antigravity\playground\spatial-kilonova\FluentFlyout\FluentFlyoutWPF\MainWindow.xaml.cs(144,31): warning CS8600: null 리터럴 또는 가능한 null 값을 null을 허용하지 않는 형식으로 변환하는 중입니다. [c:\Users\minse\.gemini\antigravity\playground\spatial-kilonova\FluentFlyout\FluentFlyoutWPF\FluentFlyout.csproj]
c:\Users\minse\.gemini\antigravity\playground\spatial-kilonova\FluentFlyout\FluentFlyoutWPF\MainWindow.xaml.cs(145,37): warning CS8600: null 리터럴 또는 가능한 null 값을 null을 허용하지 않는 형식으로 변환하는 중입니다. [c:\Users\minse\.gemini\antigravity\playground\spatial-kilonova\FluentFlyout\FluentFlyoutWPF\FluentFlyout.csproj]
c:\Users\minse\.gemini\antigravity\playground\spatial-kilonova\FluentFlyout\FluentFlyoutWPF\MainWindow.xaml.cs(146,43): warning CS8604: 'void RegistryKey.SetValue(string? name, object value)'의 매개 변수 'value'에 대한 가능한 null 참조 인수입니다. [c:\Users\minse\.gemini\antigravity\playground\spatial-kilonova\FluentFlyout\FluentFlyoutWPF\FluentFlyout.csproj]
c:\Users\minse\.gemini\antigravity\playground\spatial-kilonova\FluentFlyout\FluentFlyoutWPF\Classes\Notifications.cs(96,44): warning CS8604: 'string string.Format(string format, object? arg0)'의 매개 변수 'format'에 대한 가능한 null 참조 인수입니다. [c:\Users\minse\.gemini\antigravity\playground\spatial-kilonova\FluentFlyout\FluentFlyoutWPF\FluentFlyout.csproj]
c:\Users\minse\.gemini\antigravity\playground\spatial-kilonova\FluentFlyout\FluentFlyoutWPF\Classes\Notifications.cs(135,40): warning CS8604: 'string string.Format(string format, object? arg0)'의 매개 변수 'format'에 대한 가능한 null 참조 인수입니다. [c:\Users\minse\.gemini\antigravity\playground\spatial-kilonova\FluentFlyout\FluentFlyoutWPF\FluentFlyout.csproj]
c:\Users\minse\.gemini\antigravity\playground\spatial-kilonova\FluentFlyout\FluentFlyoutWPF\Classes\Visualizer.cs(272,13): warning CS8602: null 가능 참조에 대한 역참조입니다. [c:\Users\minse\.gemini\antigravity\playground\spatial-kilonova\FluentFlyout\FluentFlyoutWPF\FluentFlyout.csproj]
c:\Users\minse\.gemini\antigravity\playground\spatial-kilonova\FluentFlyout\FluentFlyoutWPF\Classes\Visualizer.cs(324,25): warning CS8602: null 가능 참조에 대한 역참조입니다. [c:\Users\minse\.gemini\antigravity\playground\spatial-kilonova\FluentFlyout\FluentFlyoutWPF\FluentFlyout.csproj]
c:\Users\minse\.gemini\antigravity\playground\spatial-kilonova\FluentFlyout\FluentFlyoutWPF\Classes\Visualizer.cs(343,30): warning CS8602: null 가능 참조에 대한 역참조입니다. [c:\Users\minse\.gemini\antigravity\playground\spatial-kilonova\FluentFlyout\FluentFlyoutWPF\FluentFlyout.csproj]
c:\Users\minse\.gemini\antigravity\playground\spatial-kilonova\FluentFlyout\FluentFlyoutWPF\Classes\Visualizer.cs(392,38): warning CS8602: null 가능 참조에 대한 역참조입니다. [c:\Users\minse\.gemini\antigravity\playground\spatial-kilonova\FluentFlyout\FluentFlyoutWPF\FluentFlyout.csproj]
c:\Users\minse\.gemini\antigravity\playground\spatial-kilonova\FluentFlyout\FluentFlyoutWPF\Pages\HomePage.xaml.cs(46,17): warning CS8604: 'string string.Format(string format, object? arg0)'의 매개 변수 'format'에 대한 가능한 null 참조 인수입니다. [c:\Users\minse\.gemini\antigravity\playground\spatial-kilonova\FluentFlyout\FluentFlyoutWPF\FluentFlyout.csproj]
c:\Users\minse\.gemini\antigravity\playground\spatial-kilonova\FluentFlyout\FluentFlyoutWPF\Classes\Settings\SettingsManager.cs(81,32): warning CS8600: null 리터럴 또는 가능한 null 값을 null을 허용하지 않는 형식으로 변환하는 중입니다. [c:\Users\minse\.gemini\antigravity\playground\spatial-kilonova\FluentFlyout\FluentFlyoutWPF\FluentFlyout.csproj]
c:\Users\minse\.gemini\antigravity\playground\spatial-kilonova\FluentFlyout\FluentFlyoutWPF\Classes\Settings\SettingsManager.cs(81,32): warning CS8601: 가능한 null 참조 할당입니다. [c:\Users\minse\.gemini\antigravity\playground\spatial-kilonova\FluentFlyout\FluentFlyoutWPF\FluentFlyout.csproj]
c:\Users\minse\.gemini\antigravity\playground\spatial-kilonova\FluentFlyout\FluentFlyoutWPF\Classes\Settings\SettingsManager.cs(82,21): warning CS8602: null 가능 참조에 대한 역참조입니다. [c:\Users\minse\.gemini\antigravity\playground\spatial-kilonova\FluentFlyout\FluentFlyoutWPF\FluentFlyout.csproj]
c:\Users\minse\.gemini\antigravity\playground\spatial-kilonova\FluentFlyout\FluentFlyoutWPF\Classes\Settings\SettingsManager.cs(114,32): warning CS8600: null 리터럴 또는 가능한 null 값을 null을 허용하지 않는 형식으로 변환하는 중입니다. [c:\Users\minse\.gemini\antigravity\playground\spatial-kilonova\FluentFlyout\FluentFlyoutWPF\FluentFlyout.csproj]
c:\Users\minse\.gemini\antigravity\playground\spatial-kilonova\FluentFlyout\FluentFlyoutWPF\Classes\Settings\SettingsManager.cs(24,33): warning CS8618: null을 허용하지 않는 필드 '_current'은(는) 생성자를 종료할 때 null이 아닌 값을 포함해야 합니다. 'required' 한정자를 추가하거나 필드을(를) nullable로 선언하는 것이 좋습니다. [c:\Users\minse\.gemini\antigravity\playground\spatial-kilonova\FluentFlyout\FluentFlyoutWPF\FluentFlyout.csproj]
c:\Users\minse\.gemini\antigravity\playground\spatial-kilonova\FluentFlyout\FluentFlyoutWPF\MainWindow.xaml.cs(314,31): warning CS8602: null 가능 참조에 대한 역참조입니다. [c:\Users\minse\.gemini\antigravity\playground\spatial-kilonova\FluentFlyout\FluentFlyoutWPF\FluentFlyout.csproj]
c:\Users\minse\.gemini\antigravity\playground\spatial-kilonova\FluentFlyout\FluentFlyoutWPF\MainWindow.xaml.cs(315,26): warning CS8602: null 가능 참조에 대한 역참조입니다. [c:\Users\minse\.gemini\antigravity\playground\spatial-kilonova\FluentFlyout\FluentFlyoutWPF\FluentFlyout.csproj]
c:\Users\minse\.gemini\antigravity\playground\spatial-kilonova\FluentFlyout\FluentFlyoutWPF\Classes\Utils\MediaPlayerData.cs(14,23): warning CS8618: null을 허용하지 않는 속성 'Title'은(는) 생성자를 종료할 때 null이 아닌 값을 포함해야 합니다. 'required' 한정자를 추가하거나 속성을(를) nullable로 선언하는 것이 좋습니다. [c:\Users\minse\.gemini\antigravity\playground\spatial-kilonova\FluentFlyout\FluentFlyoutWPF\FluentFlyout.csproj]
c:\Users\minse\.gemini\antigravity\playground\spatial-kilonova\FluentFlyout\FluentFlyoutWPF\MainWindow.xaml.cs(426,31): warning CS8602: null 가능 참조에 대한 역참조입니다. [c:\Users\minse\.gemini\antigravity\playground\spatial-kilonova\FluentFlyout\FluentFlyoutWPF\FluentFlyout.csproj]
c:\Users\minse\.gemini\antigravity\playground\spatial-kilonova\FluentFlyout\FluentFlyoutWPF\MainWindow.xaml.cs(427,26): warning CS8602: null 가능 참조에 대한 역참조입니다. [c:\Users\minse\.gemini\antigravity\playground\spatial-kilonova\FluentFlyout\FluentFlyoutWPF\FluentFlyout.csproj]
c:\Users\minse\.gemini\antigravity\playground\spatial-kilonova\FluentFlyout\FluentFlyoutWPF\MainWindow.xaml.cs(489,46): warning CS8602: null 가능 참조에 대한 역참조입니다. [c:\Users\minse\.gemini\antigravity\playground\spatial-kilonova\FluentFlyout\FluentFlyoutWPF\FluentFlyout.csproj]
c:\Users\minse\.gemini\antigravity\playground\spatial-kilonova\FluentFlyout\FluentFlyoutWPF\Pages\SystemPage.xaml.cs(81,26): warning CS8629: Nullable 값 형식이 null일 수 있습니다. [c:\Users\minse\.gemini\antigravity\playground\spatial-kilonova\FluentFlyout\FluentFlyoutWPF\FluentFlyout.csproj]
c:\Users\minse\.gemini\antigravity\playground\spatial-kilonova\FluentFlyout\FluentFlyoutWPF\Classes\Visualizer.cs(450,68): warning CS8602: null 가능 참조에 대한 역참조입니다. [c:\Users\minse\.gemini\antigravity\playground\spatial-kilonova\FluentFlyout\FluentFlyoutWPF\FluentFlyout.csproj]
c:\Users\minse\.gemini\antigravity\playground\spatial-kilonova\FluentFlyout\FluentFlyoutWPF\Pages\SystemPage.xaml.cs(183,54): warning CS8602: null 가능 참조에 대한 역참조입니다. [c:\Users\minse\.gemini\antigravity\playground\spatial-kilonova\FluentFlyout\FluentFlyoutWPF\FluentFlyout.csproj]
c:\Users\minse\.gemini\antigravity\playground\spatial-kilonova\FluentFlyout\FluentFlyoutWPF\MainWindow.xaml.cs(653,51): warning CS8604: 'void NextUpWindow.UpdateThumbnail(BitmapImage thumbnail)'의 매개 변수 'thumbnail'에 대한 가능한 null 참조 인수입니다. [c:\Users\minse\.gemini\antigravity\playground\spatial-kilonova\FluentFlyout\FluentFlyoutWPF\FluentFlyout.csproj]
c:\Users\minse\.gemini\antigravity\playground\spatial-kilonova\FluentFlyout\FluentFlyoutWPF\MainWindow.xaml.cs(626,90): warning CS8604: 'NextUpWindow.NextUpWindow(string title, string artist, BitmapImage thumbnail)'의 매개 변수 'thumbnail'에 대한 가능한 null 참조 인수입니다. [c:\Users\minse\.gemini\antigravity\playground\spatial-kilonova\FluentFlyout\FluentFlyoutWPF\FluentFlyout.csproj]
c:\Users\minse\.gemini\antigravity\playground\spatial-kilonova\FluentFlyout\FluentFlyoutWPF\MainWindow.xaml.cs(661,33): warning CS8602: null 가능 참조에 대한 역참조입니다. [c:\Users\minse\.gemini\antigravity\playground\spatial-kilonova\FluentFlyout\FluentFlyoutWPF\FluentFlyout.csproj]
c:\Users\minse\.gemini\antigravity\playground\spatial-kilonova\FluentFlyout\FluentFlyoutWPF\MainWindow.xaml.cs(716,42): warning CS8600: null 리터럴 또는 가능한 null 값을 null을 허용하지 않는 형식으로 변환하는 중입니다. [c:\Users\minse\.gemini\antigravity\playground\spatial-kilonova\FluentFlyout\FluentFlyoutWPF\FluentFlyout.csproj]
c:\Users\minse\.gemini\antigravity\playground\spatial-kilonova\FluentFlyout\FluentFlyoutWPF\MainWindow.xaml.cs(718,75): warning CS8602: null 가능 참조에 대한 역참조입니다. [c:\Users\minse\.gemini\antigravity\playground\spatial-kilonova\FluentFlyout\FluentFlyoutWPF\FluentFlyout.csproj]
c:\Users\minse\.gemini\antigravity\playground\spatial-kilonova\FluentFlyout\FluentFlyoutWPF\MainWindow.xaml.cs(805,18): warning CS8604: 'void MainWindow.UpdateUI(MediaSession mediaSession)'의 매개 변수 'mediaSession'에 대한 가능한 null 참조 인수입니다. [c:\Users\minse\.gemini\antigravity\playground\spatial-kilonova\FluentFlyout\FluentFlyoutWPF\FluentFlyout.csproj]
c:\Users\minse\.gemini\antigravity\playground\spatial-kilonova\FluentFlyout\FluentFlyoutWPF\MainWindow.xaml.cs(807,33): warning CS8602: null 가능 참조에 대한 역참조입니다. [c:\Users\minse\.gemini\antigravity\playground\spatial-kilonova\FluentFlyout\FluentFlyoutWPF\FluentFlyout.csproj]
c:\Users\minse\.gemini\antigravity\playground\spatial-kilonova\FluentFlyout\FluentFlyoutWPF\MainWindow.xaml.cs(1153,13): warning CS8602: null 가능 참조에 대한 역참조입니다. [c:\Users\minse\.gemini\antigravity\playground\spatial-kilonova\FluentFlyout\FluentFlyoutWPF\FluentFlyout.csproj]
c:\Users\minse\.gemini\antigravity\playground\spatial-kilonova\FluentFlyout\FluentFlyoutWPF\MainWindow.xaml.cs(1156,19): warning CS8602: null 가능 참조에 대한 역참조입니다. [c:\Users\minse\.gemini\antigravity\playground\spatial-kilonova\FluentFlyout\FluentFlyoutWPF\FluentFlyout.csproj]
c:\Users\minse\.gemini\antigravity\playground\spatial-kilonova\FluentFlyout\FluentFlyoutWPF\MainWindow.xaml.cs(1158,18): warning CS8602: null 가능 참조에 대한 역참조입니다. [c:\Users\minse\.gemini\antigravity\playground\spatial-kilonova\FluentFlyout\FluentFlyoutWPF\FluentFlyout.csproj]
c:\Users\minse\.gemini\antigravity\playground\spatial-kilonova\FluentFlyout\FluentFlyoutWPF\MainWindow.xaml.cs(1161,19): warning CS8602: null 가능 참조에 대한 역참조입니다. [c:\Users\minse\.gemini\antigravity\playground\spatial-kilonova\FluentFlyout\FluentFlyoutWPF\FluentFlyout.csproj]
c:\Users\minse\.gemini\antigravity\playground\spatial-kilonova\FluentFlyout\FluentFlyoutWPF\MainWindow.xaml.cs(1163,18): warning CS8602: null 가능 참조에 대한 역참조입니다. [c:\Users\minse\.gemini\antigravity\playground\spatial-kilonova\FluentFlyout\FluentFlyoutWPF\FluentFlyout.csproj]
c:\Users\minse\.gemini\antigravity\playground\spatial-kilonova\FluentFlyout\FluentFlyoutWPF\MainWindow.xaml.cs(1166,19): warning CS8602: null 가능 참조에 대한 역참조입니다. [c:\Users\minse\.gemini\antigravity\playground\spatial-kilonova\FluentFlyout\FluentFlyoutWPF\FluentFlyout.csproj]
c:\Users\minse\.gemini\antigravity\playground\spatial-kilonova\FluentFlyout\FluentFlyoutWPF\MainWindow.xaml.cs(1175,13): warning CS8602: null 가능 참조에 대한 역참조입니다. [c:\Users\minse\.gemini\antigravity\playground\spatial-kilonova\FluentFlyout\FluentFlyoutWPF\FluentFlyout.csproj]
c:\Users\minse\.gemini\antigravity\playground\spatial-kilonova\FluentFlyout\FluentFlyoutWPF\MainWindow.xaml.cs(1178,19): warning CS8602: null 가능 참조에 대한 역참조입니다. [c:\Users\minse\.gemini\antigravity\playground\spatial-kilonova\FluentFlyout\FluentFlyoutWPF\FluentFlyout.csproj]
c:\Users\minse\.gemini\antigravity\playground\spatial-kilonova\FluentFlyout\FluentFlyoutWPF\MainWindow.xaml.cs(1183,19): warning CS8602: null 가능 참조에 대한 역참조입니다. [c:\Users\minse\.gemini\antigravity\playground\spatial-kilonova\FluentFlyout\FluentFlyoutWPF\FluentFlyout.csproj]
c:\Users\minse\.gemini\antigravity\playground\spatial-kilonova\FluentFlyout\FluentFlyoutWPF\MainWindow.xaml.cs(1507,33): warning CS8600: null 리터럴 또는 가능한 null 값을 null을 허용하지 않는 형식으로 변환하는 중입니다. [c:\Users\minse\.gemini\antigravity\playground\spatial-kilonova\FluentFlyout\FluentFlyoutWPF\FluentFlyout.csproj]
  FluentFlyout -> c:\Users\minse\.gemini\antigravity\playground\spatial-kilonova\FluentFlyout\FluentFlyoutWPF\bin\Debug\net10.0-windows10.0.22000.0\FluentFlyout.dll

빌드했습니다.

c:\Users\minse\.gemini\antigravity\playground\spatial-kilonova\FluentFlyout\FluentFlyoutWPF\Classes\Settings\SettingsManager.cs(70,59): warning CS8625: Null 리터럴을 null을 허용하지 않는 참조 형식으로 변환할 수 없습니다. [c:\Users\minse\.gemini\antigravity\playground\spatial-kilonova\FluentFlyout\FluentFlyoutWPF\FluentFlyout_igkbugqf_wpftmp.csproj]
c:\Users\minse\.gemini\antigravity\playground\spatial-kilonova\FluentFlyout\FluentFlyoutWPF\Classes\Settings\SettingsManager.cs(108,55): warning CS8625: Null 리터럴을 null을 허용하지 않는 참조 형식으로 변환할 수 없습니다. [c:\Users\minse\.gemini\antigravity\playground\spatial-kilonova\FluentFlyout\FluentFlyoutWPF\FluentFlyout_igkbugqf_wpftmp.csproj]
c:\Users\minse\.gemini\antigravity\playground\spatial-kilonova\FluentFlyout\FluentFlyoutWPF\Pages\HomePage.xaml.cs(46,17): warning CS8604: 'string string.Format(string format, object? arg0)'의 매개 변수 'format'에 대한 가능한 null 참조 인수입니다. [c:\Users\minse\.gemini\antigravity\playground\spatial-kilonova\FluentFlyout\FluentFlyoutWPF\FluentFlyout_igkbugqf_wpftmp.csproj]
c:\Users\minse\.gemini\antigravity\playground\spatial-kilonova\FluentFlyout\FluentFlyoutWPF\Pages\SystemPage.xaml.cs(81,26): warning CS8629: Nullable 값 형식이 null일 수 있습니다. [c:\Users\minse\.gemini\antigravity\playground\spatial-kilonova\FluentFlyout\FluentFlyoutWPF\FluentFlyout_igkbugqf_wpftmp.csproj]
c:\Users\minse\.gemini\antigravity\playground\spatial-kilonova\FluentFlyout\FluentFlyoutWPF\MainWindow.xaml.cs(144,31): warning CS8600: null 리터럴 또는 가능한 null 값을 null을 허용하지 않는 형식으로 변환하는 중입니다. [c:\Users\minse\.gemini\antigravity\playground\spatial-kilonova\FluentFlyout\FluentFlyoutWPF\FluentFlyout_igkbugqf_wpftmp.csproj]
c:\Users\minse\.gemini\antigravity\playground\spatial-kilonova\FluentFlyout\FluentFlyoutWPF\MainWindow.xaml.cs(145,37): warning CS8600: null 리터럴 또는 가능한 null 값을 null을 허용하지 않는 형식으로 변환하는 중입니다. [c:\Users\minse\.gemini\antigravity\playground\spatial-kilonova\FluentFlyout\FluentFlyoutWPF\FluentFlyout_igkbugqf_wpftmp.csproj]
c:\Users\minse\.gemini\antigravity\playground\spatial-kilonova\FluentFlyout\FluentFlyoutWPF\MainWindow.xaml.cs(146,43): warning CS8604: 'void RegistryKey.SetValue(string? name, object value)'의 매개 변수 'value'에 대한 가능한 null 참조 인수입니다. [c:\Users\minse\.gemini\antigravity\playground\spatial-kilonova\FluentFlyout\FluentFlyoutWPF\FluentFlyout_igkbugqf_wpftmp.csproj]
c:\Users\minse\.gemini\antigravity\playground\spatial-kilonova\FluentFlyout\FluentFlyoutWPF\Pages\SystemPage.xaml.cs(183,54): warning CS8602: null 가능 참조에 대한 역참조입니다. [c:\Users\minse\.gemini\antigravity\playground\spatial-kilonova\FluentFlyout\FluentFlyoutWPF\FluentFlyout_igkbugqf_wpftmp.csproj]
c:\Users\minse\.gemini\antigravity\playground\spatial-kilonova\FluentFlyout\FluentFlyoutWPF\Classes\Utils\MediaPlayerData.cs(28,20): warning CS8619: '(string Title, ImageSource? Icon)' 형식의 값에 있는 참조 형식 Null 허용 여부가 '(string, ImageSource)' 대상 형식과 일치하지 않습니다. [c:\Users\minse\.gemini\antigravity\playground\spatial-kilonova\FluentFlyout\FluentFlyoutWPF\FluentFlyout_igkbugqf_wpftmp.csproj]
c:\Users\minse\.gemini\antigravity\playground\spatial-kilonova\FluentFlyout\FluentFlyoutWPF\Classes\Utils\MediaPlayerData.cs(135,16): warning CS8619: '(string mediaTitle, ImageSource? mediaIcon)' 형식의 값에 있는 참조 형식 Null 허용 여부가 '(string, ImageSource)' 대상 형식과 일치하지 않습니다. [c:\Users\minse\.gemini\antigravity\playground\spatial-kilonova\FluentFlyout\FluentFlyoutWPF\FluentFlyout_igkbugqf_wpftmp.csproj]
c:\Users\minse\.gemini\antigravity\playground\spatial-kilonova\FluentFlyout\FluentFlyoutWPF\Classes\Utils\MediaPlayerData.cs(20,48): warning CS8625: Null 리터럴을 null을 허용하지 않는 참조 형식으로 변환할 수 없습니다. [c:\Users\minse\.gemini\antigravity\playground\spatial-kilonova\FluentFlyout\FluentFlyoutWPF\FluentFlyout_igkbugqf_wpftmp.csproj]
c:\Users\minse\.gemini\antigravity\playground\spatial-kilonova\FluentFlyout\FluentFlyoutWPF\Classes\Utils\MediaPlayerData.cs(14,23): warning CS8618: null을 허용하지 않는 속성 'Title'은(는) 생성자를 종료할 때 null이 아닌 값을 포함해야 합니다. 'required' 한정자를 추가하거나 속성을(를) nullable로 선언하는 것이 좋습니다. [c:\Users\minse\.gemini\antigravity\playground\spatial-kilonova\FluentFlyout\FluentFlyoutWPF\FluentFlyout_igkbugqf_wpftmp.csproj]
c:\Users\minse\.gemini\antigravity\playground\spatial-kilonova\FluentFlyout\FluentFlyoutWPF\Classes\Notifications.cs(96,44): warning CS8604: 'string string.Format(string format, object? arg0)'의 매개 변수 'format'에 대한 가능한 null 참조 인수입니다. [c:\Users\minse\.gemini\antigravity\playground\spatial-kilonova\FluentFlyout\FluentFlyoutWPF\FluentFlyout_igkbugqf_wpftmp.csproj]
c:\Users\minse\.gemini\antigravity\playground\spatial-kilonova\FluentFlyout\FluentFlyoutWPF\Classes\Notifications.cs(135,40): warning CS8604: 'string string.Format(string format, object? arg0)'의 매개 변수 'format'에 대한 가능한 null 참조 인수입니다. [c:\Users\minse\.gemini\antigravity\playground\spatial-kilonova\FluentFlyout\FluentFlyoutWPF\FluentFlyout_igkbugqf_wpftmp.csproj]
c:\Users\minse\.gemini\antigravity\playground\spatial-kilonova\FluentFlyout\FluentFlyoutWPF\MainWindow.xaml.cs(314,31): warning CS8602: null 가능 참조에 대한 역참조입니다. [c:\Users\minse\.gemini\antigravity\playground\spatial-kilonova\FluentFlyout\FluentFlyoutWPF\FluentFlyout_igkbugqf_wpftmp.csproj]
c:\Users\minse\.gemini\antigravity\playground\spatial-kilonova\FluentFlyout\FluentFlyoutWPF\MainWindow.xaml.cs(315,26): warning CS8602: null 가능 참조에 대한 역참조입니다. [c:\Users\minse\.gemini\antigravity\playground\spatial-kilonova\FluentFlyout\FluentFlyoutWPF\FluentFlyout_igkbugqf_wpftmp.csproj]
c:\Users\minse\.gemini\antigravity\playground\spatial-kilonova\FluentFlyout\FluentFlyoutWPF\Classes\Visualizer.cs(272,13): warning CS8602: null 가능 참조에 대한 역참조입니다. [c:\Users\minse\.gemini\antigravity\playground\spatial-kilonova\FluentFlyout\FluentFlyoutWPF\FluentFlyout_igkbugqf_wpftmp.csproj]
c:\Users\minse\.gemini\antigravity\playground\spatial-kilonova\FluentFlyout\FluentFlyoutWPF\Classes\Visualizer.cs(324,25): warning CS8602: null 가능 참조에 대한 역참조입니다. [c:\Users\minse\.gemini\antigravity\playground\spatial-kilonova\FluentFlyout\FluentFlyoutWPF\FluentFlyout_igkbugqf_wpftmp.csproj]
c:\Users\minse\.gemini\antigravity\playground\spatial-kilonova\FluentFlyout\FluentFlyoutWPF\MainWindow.xaml.cs(426,31): warning CS8602: null 가능 참조에 대한 역참조입니다. [c:\Users\minse\.gemini\antigravity\playground\spatial-kilonova\FluentFlyout\FluentFlyoutWPF\FluentFlyout_igkbugqf_wpftmp.csproj]
c:\Users\minse\.gemini\antigravity\playground\spatial-kilonova\FluentFlyout\FluentFlyoutWPF\MainWindow.xaml.cs(427,26): warning CS8602: null 가능 참조에 대한 역참조입니다. [c:\Users\minse\.gemini\antigravity\playground\spatial-kilonova\FluentFlyout\FluentFlyoutWPF\FluentFlyout_igkbugqf_wpftmp.csproj]
c:\Users\minse\.gemini\antigravity\playground\spatial-kilonova\FluentFlyout\FluentFlyoutWPF\MainWindow.xaml.cs(489,46): warning CS8602: null 가능 참조에 대한 역참조입니다. [c:\Users\minse\.gemini\antigravity\playground\spatial-kilonova\FluentFlyout\FluentFlyoutWPF\FluentFlyout_igkbugqf_wpftmp.csproj]
c:\Users\minse\.gemini\antigravity\playground\spatial-kilonova\FluentFlyout\FluentFlyoutWPF\Classes\Settings\SettingsManager.cs(81,32): warning CS8600: null 리터럴 또는 가능한 null 값을 null을 허용하지 않는 형식으로 변환하는 중입니다. [c:\Users\minse\.gemini\antigravity\playground\spatial-kilonova\FluentFlyout\FluentFlyoutWPF\FluentFlyout_igkbugqf_wpftmp.csproj]
c:\Users\minse\.gemini\antigravity\playground\spatial-kilonova\FluentFlyout\FluentFlyoutWPF\Classes\Settings\SettingsManager.cs(81,32): warning CS8601: 가능한 null 참조 할당입니다. [c:\Users\minse\.gemini\antigravity\playground\spatial-kilonova\FluentFlyout\FluentFlyoutWPF\FluentFlyout_igkbugqf_wpftmp.csproj]
c:\Users\minse\.gemini\antigravity\playground\spatial-kilonova\FluentFlyout\FluentFlyoutWPF\Classes\Settings\SettingsManager.cs(82,21): warning CS8602: null 가능 참조에 대한 역참조입니다. [c:\Users\minse\.gemini\antigravity\playground\spatial-kilonova\FluentFlyout\FluentFlyoutWPF\FluentFlyout_igkbugqf_wpftmp.csproj]
c:\Users\minse\.gemini\antigravity\playground\spatial-kilonova\FluentFlyout\FluentFlyoutWPF\Classes\Visualizer.cs(343,30): warning CS8602: null 가능 참조에 대한 역참조입니다. [c:\Users\minse\.gemini\antigravity\playground\spatial-kilonova\FluentFlyout\FluentFlyoutWPF\FluentFlyout_igkbugqf_wpftmp.csproj]
c:\Users\minse\.gemini\antigravity\playground\spatial-kilonova\FluentFlyout\FluentFlyoutWPF\Classes\Visualizer.cs(392,38): warning CS8602: null 가능 참조에 대한 역참조입니다. [c:\Users\minse\.gemini\antigravity\playground\spatial-kilonova\FluentFlyout\FluentFlyoutWPF\FluentFlyout_igkbugqf_wpftmp.csproj]
c:\Users\minse\.gemini\antigravity\playground\spatial-kilonova\FluentFlyout\FluentFlyoutWPF\Classes\Settings\SettingsManager.cs(114,32): warning CS8600: null 리터럴 또는 가능한 null 값을 null을 허용하지 않는 형식으로 변환하는 중입니다. [c:\Users\minse\.gemini\antigravity\playground\spatial-kilonova\FluentFlyout\FluentFlyoutWPF\FluentFlyout_igkbugqf_wpftmp.csproj]
c:\Users\minse\.gemini\antigravity\playground\spatial-kilonova\FluentFlyout\FluentFlyoutWPF\Classes\Settings\SettingsManager.cs(24,33): warning CS8618: null을 허용하지 않는 필드 '_current'은(는) 생성자를 종료할 때 null이 아닌 값을 포함해야 합니다. 'required' 한정자를 추가하거나 필드을(를) nullable로 선언하는 것이 좋습니다. [c:\Users\minse\.gemini\antigravity\playground\spatial-kilonova\FluentFlyout\FluentFlyoutWPF\FluentFlyout_igkbugqf_wpftmp.csproj]
c:\Users\minse\.gemini\antigravity\playground\spatial-kilonova\FluentFlyout\FluentFlyoutWPF\Classes\Visualizer.cs(450,68): warning CS8602: null 가능 참조에 대한 역참조입니다. [c:\Users\minse\.gemini\antigravity\playground\spatial-kilonova\FluentFlyout\FluentFlyoutWPF\FluentFlyout_igkbugqf_wpftmp.csproj]
c:\Users\minse\.gemini\antigravity\playground\spatial-kilonova\FluentFlyout\FluentFlyoutWPF\MainWindow.xaml.cs(653,51): warning CS8604: 'void NextUpWindow.UpdateThumbnail(BitmapImage thumbnail)'의 매개 변수 'thumbnail'에 대한 가능한 null 참조 인수입니다. [c:\Users\minse\.gemini\antigravity\playground\spatial-kilonova\FluentFlyout\FluentFlyoutWPF\FluentFlyout_igkbugqf_wpftmp.csproj]
c:\Users\minse\.gemini\antigravity\playground\spatial-kilonova\FluentFlyout\FluentFlyoutWPF\MainWindow.xaml.cs(626,90): warning CS8604: 'NextUpWindow.NextUpWindow(string title, string artist, BitmapImage thumbnail)'의 매개 변수 'thumbnail'에 대한 가능한 null 참조 인수입니다. [c:\Users\minse\.gemini\antigravity\playground\spatial-kilonova\FluentFlyout\FluentFlyoutWPF\FluentFlyout_igkbugqf_wpftmp.csproj]
c:\Users\minse\.gemini\antigravity\playground\spatial-kilonova\FluentFlyout\FluentFlyoutWPF\MainWindow.xaml.cs(661,33): warning CS8602: null 가능 참조에 대한 역참조입니다. [c:\Users\minse\.gemini\antigravity\playground\spatial-kilonova\FluentFlyout\FluentFlyoutWPF\FluentFlyout_igkbugqf_wpftmp.csproj]
c:\Users\minse\.gemini\antigravity\playground\spatial-kilonova\FluentFlyout\FluentFlyoutWPF\MainWindow.xaml.cs(716,42): warning CS8600: null 리터럴 또는 가능한 null 값을 null을 허용하지 않는 형식으로 변환하는 중입니다. [c:\Users\minse\.gemini\antigravity\playground\spatial-kilonova\FluentFlyout\FluentFlyoutWPF\FluentFlyout_igkbugqf_wpftmp.csproj]
c:\Users\minse\.gemini\antigravity\playground\spatial-kilonova\FluentFlyout\FluentFlyoutWPF\MainWindow.xaml.cs(718,75): warning CS8602: null 가능 참조에 대한 역참조입니다. [c:\Users\minse\.gemini\antigravity\playground\spatial-kilonova\FluentFlyout\FluentFlyoutWPF\FluentFlyout_igkbugqf_wpftmp.csproj]
c:\Users\minse\.gemini\antigravity\playground\spatial-kilonova\FluentFlyout\FluentFlyoutWPF\MainWindow.xaml.cs(805,18): warning CS8604: 'void MainWindow.UpdateUI(MediaSession mediaSession)'의 매개 변수 'mediaSession'에 대한 가능한 null 참조 인수입니다. [c:\Users\minse\.gemini\antigravity\playground\spatial-kilonova\FluentFlyout\FluentFlyoutWPF\FluentFlyout_igkbugqf_wpftmp.csproj]
c:\Users\minse\.gemini\antigravity\playground\spatial-kilonova\FluentFlyout\FluentFlyoutWPF\MainWindow.xaml.cs(807,33): warning CS8602: null 가능 참조에 대한 역참조입니다. [c:\Users\minse\.gemini\antigravity\playground\spatial-kilonova\FluentFlyout\FluentFlyoutWPF\FluentFlyout_igkbugqf_wpftmp.csproj]
c:\Users\minse\.gemini\antigravity\playground\spatial-kilonova\FluentFlyout\FluentFlyoutWPF\MainWindow.xaml.cs(1153,13): warning CS8602: null 가능 참조에 대한 역참조입니다. [c:\Users\minse\.gemini\antigravity\playground\spatial-kilonova\FluentFlyout\FluentFlyoutWPF\FluentFlyout_igkbugqf_wpftmp.csproj]
c:\Users\minse\.gemini\antigravity\playground\spatial-kilonova\FluentFlyout\FluentFlyoutWPF\MainWindow.xaml.cs(1156,19): warning CS8602: null 가능 참조에 대한 역참조입니다. [c:\Users\minse\.gemini\antigravity\playground\spatial-kilonova\FluentFlyout\FluentFlyoutWPF\FluentFlyout_igkbugqf_wpftmp.csproj]
c:\Users\minse\.gemini\antigravity\playground\spatial-kilonova\FluentFlyout\FluentFlyoutWPF\MainWindow.xaml.cs(1158,18): warning CS8602: null 가능 참조에 대한 역참조입니다. [c:\Users\minse\.gemini\antigravity\playground\spatial-kilonova\FluentFlyout\FluentFlyoutWPF\FluentFlyout_igkbugqf_wpftmp.csproj]
c:\Users\minse\.gemini\antigravity\playground\spatial-kilonova\FluentFlyout\FluentFlyoutWPF\MainWindow.xaml.cs(1161,19): warning CS8602: null 가능 참조에 대한 역참조입니다. [c:\Users\minse\.gemini\antigravity\playground\spatial-kilonova\FluentFlyout\FluentFlyoutWPF\FluentFlyout_igkbugqf_wpftmp.csproj]
c:\Users\minse\.gemini\antigravity\playground\spatial-kilonova\FluentFlyout\FluentFlyoutWPF\MainWindow.xaml.cs(1163,18): warning CS8602: null 가능 참조에 대한 역참조입니다. [c:\Users\minse\.gemini\antigravity\playground\spatial-kilonova\FluentFlyout\FluentFlyoutWPF\FluentFlyout_igkbugqf_wpftmp.csproj]
c:\Users\minse\.gemini\antigravity\playground\spatial-kilonova\FluentFlyout\FluentFlyoutWPF\MainWindow.xaml.cs(1166,19): warning CS8602: null 가능 참조에 대한 역참조입니다. [c:\Users\minse\.gemini\antigravity\playground\spatial-kilonova\FluentFlyout\FluentFlyoutWPF\FluentFlyout_igkbugqf_wpftmp.csproj]
c:\Users\minse\.gemini\antigravity\playground\spatial-kilonova\FluentFlyout\FluentFlyoutWPF\MainWindow.xaml.cs(1175,13): warning CS8602: null 가능 참조에 대한 역참조입니다. [c:\Users\minse\.gemini\antigravity\playground\spatial-kilonova\FluentFlyout\FluentFlyoutWPF\FluentFlyout_igkbugqf_wpftmp.csproj]
c:\Users\minse\.gemini\antigravity\playground\spatial-kilonova\FluentFlyout\FluentFlyoutWPF\MainWindow.xaml.cs(1178,19): warning CS8602: null 가능 참조에 대한 역참조입니다. [c:\Users\minse\.gemini\antigravity\playground\spatial-kilonova\FluentFlyout\FluentFlyoutWPF\FluentFlyout_igkbugqf_wpftmp.csproj]
c:\Users\minse\.gemini\antigravity\playground\spatial-kilonova\FluentFlyout\FluentFlyoutWPF\MainWindow.xaml.cs(1183,19): warning CS8602: null 가능 참조에 대한 역참조입니다. [c:\Users\minse\.gemini\antigravity\playground\spatial-kilonova\FluentFlyout\FluentFlyoutWPF\FluentFlyout_igkbugqf_wpftmp.csproj]
c:\Users\minse\.gemini\antigravity\playground\spatial-kilonova\FluentFlyout\FluentFlyoutWPF\MainWindow.xaml.cs(1507,33): warning CS8600: null 리터럴 또는 가능한 null 값을 null을 허용하지 않는 형식으로 변환하는 중입니다. [c:\Users\minse\.gemini\antigravity\playground\spatial-kilonova\FluentFlyout\FluentFlyoutWPF\FluentFlyout_igkbugqf_wpftmp.csproj]
c:\Users\minse\.gemini\antigravity\playground\spatial-kilonova\FluentFlyout\FluentFlyoutWPF\Classes\Settings\SettingsManager.cs(70,59): warning CS8625: Null 리터럴을 null을 허용하지 않는 참조 형식으로 변환할 수 없습니다. [c:\Users\minse\.gemini\antigravity\playground\spatial-kilonova\FluentFlyout\FluentFlyoutWPF\FluentFlyout.csproj]
c:\Users\minse\.gemini\antigravity\playground\spatial-kilonova\FluentFlyout\FluentFlyoutWPF\Classes\Settings\SettingsManager.cs(108,55): warning CS8625: Null 리터럴을 null을 허용하지 않는 참조 형식으로 변환할 수 없습니다. [c:\Users\minse\.gemini\antigravity\playground\spatial-kilonova\FluentFlyout\FluentFlyoutWPF\FluentFlyout.csproj]
c:\Users\minse\.gemini\antigravity\playground\spatial-kilonova\FluentFlyout\FluentFlyoutWPF\Classes\Utils\MediaPlayerData.cs(28,20): warning CS8619: '(string Title, ImageSource? Icon)' 형식의 값에 있는 참조 형식 Null 허용 여부가 '(string, ImageSource)' 대상 형식과 일치하지 않습니다. [c:\Users\minse\.gemini\antigravity\playground\spatial-kilonova\FluentFlyout\FluentFlyoutWPF\FluentFlyout.csproj]
c:\Users\minse\.gemini\antigravity\playground\spatial-kilonova\FluentFlyout\FluentFlyoutWPF\Classes\Utils\MediaPlayerData.cs(135,16): warning CS8619: '(string mediaTitle, ImageSource? mediaIcon)' 형식의 값에 있는 참조 형식 Null 허용 여부가 '(string, ImageSource)' 대상 형식과 일치하지 않습니다. [c:\Users\minse\.gemini\antigravity\playground\spatial-kilonova\FluentFlyout\FluentFlyoutWPF\FluentFlyout.csproj]
c:\Users\minse\.gemini\antigravity\playground\spatial-kilonova\FluentFlyout\FluentFlyoutWPF\Classes\Utils\MediaPlayerData.cs(20,48): warning CS8625: Null 리터럴을 null을 허용하지 않는 참조 형식으로 변환할 수 없습니다. [c:\Users\minse\.gemini\antigravity\playground\spatial-kilonova\FluentFlyout\FluentFlyoutWPF\FluentFlyout.csproj]
c:\Users\minse\.gemini\antigravity\playground\spatial-kilonova\FluentFlyout\FluentFlyoutWPF\MainWindow.xaml.cs(144,31): warning CS8600: null 리터럴 또는 가능한 null 값을 null을 허용하지 않는 형식으로 변환하는 중입니다. [c:\Users\minse\.gemini\antigravity\playground\spatial-kilonova\FluentFlyout\FluentFlyoutWPF\FluentFlyout.csproj]
c:\Users\minse\.gemini\antigravity\playground\spatial-kilonova\FluentFlyout\FluentFlyoutWPF\MainWindow.xaml.cs(145,37): warning CS8600: null 리터럴 또는 가능한 null 값을 null을 허용하지 않는 형식으로 변환하는 중입니다. [c:\Users\minse\.gemini\antigravity\playground\spatial-kilonova\FluentFlyout\FluentFlyoutWPF\FluentFlyout.csproj]
c:\Users\minse\.gemini\antigravity\playground\spatial-kilonova\FluentFlyout\FluentFlyoutWPF\MainWindow.xaml.cs(146,43): warning CS8604: 'void RegistryKey.SetValue(string? name, object value)'의 매개 변수 'value'에 대한 가능한 null 참조 인수입니다. [c:\Users\minse\.gemini\antigravity\playground\spatial-kilonova\FluentFlyout\FluentFlyoutWPF\FluentFlyout.csproj]
c:\Users\minse\.gemini\antigravity\playground\spatial-kilonova\FluentFlyout\FluentFlyoutWPF\Classes\Notifications.cs(96,44): warning CS8604: 'string string.Format(string format, object? arg0)'의 매개 변수 'format'에 대한 가능한 null 참조 인수입니다. [c:\Users\minse\.gemini\antigravity\playground\spatial-kilonova\FluentFlyout\FluentFlyoutWPF\FluentFlyout.csproj]
c:\Users\minse\.gemini\antigravity\playground\spatial-kilonova\FluentFlyout\FluentFlyoutWPF\Classes\Notifications.cs(135,40): warning CS8604: 'string string.Format(string format, object? arg0)'의 매개 변수 'format'에 대한 가능한 null 참조 인수입니다. [c:\Users\minse\.gemini\antigravity\playground\spatial-kilonova\FluentFlyout\FluentFlyoutWPF\FluentFlyout.csproj]
c:\Users\minse\.gemini\antigravity\playground\spatial-kilonova\FluentFlyout\FluentFlyoutWPF\Classes\Visualizer.cs(272,13): warning CS8602: null 가능 참조에 대한 역참조입니다. [c:\Users\minse\.gemini\antigravity\playground\spatial-kilonova\FluentFlyout\FluentFlyoutWPF\FluentFlyout.csproj]
c:\Users\minse\.gemini\antigravity\playground\spatial-kilonova\FluentFlyout\FluentFlyoutWPF\Classes\Visualizer.cs(324,25): warning CS8602: null 가능 참조에 대한 역참조입니다. [c:\Users\minse\.gemini\antigravity\playground\spatial-kilonova\FluentFlyout\FluentFlyoutWPF\FluentFlyout.csproj]
c:\Users\minse\.gemini\antigravity\playground\spatial-kilonova\FluentFlyout\FluentFlyoutWPF\Classes\Visualizer.cs(343,30): warning CS8602: null 가능 참조에 대한 역참조입니다. [c:\Users\minse\.gemini\antigravity\playground\spatial-kilonova\FluentFlyout\FluentFlyoutWPF\FluentFlyout.csproj]
c:\Users\minse\.gemini\antigravity\playground\spatial-kilonova\FluentFlyout\FluentFlyoutWPF\Classes\Visualizer.cs(392,38): warning CS8602: null 가능 참조에 대한 역참조입니다. [c:\Users\minse\.gemini\antigravity\playground\spatial-kilonova\FluentFlyout\FluentFlyoutWPF\FluentFlyout.csproj]
c:\Users\minse\.gemini\antigravity\playground\spatial-kilonova\FluentFlyout\FluentFlyoutWPF\Pages\HomePage.xaml.cs(46,17): warning CS8604: 'string string.Format(string format, object? arg0)'의 매개 변수 'format'에 대한 가능한 null 참조 인수입니다. [c:\Users\minse\.gemini\antigravity\playground\spatial-kilonova\FluentFlyout\FluentFlyoutWPF\FluentFlyout.csproj]
c:\Users\minse\.gemini\antigravity\playground\spatial-kilonova\FluentFlyout\FluentFlyoutWPF\Classes\Settings\SettingsManager.cs(81,32): warning CS8600: null 리터럴 또는 가능한 null 값을 null을 허용하지 않는 형식으로 변환하는 중입니다. [c:\Users\minse\.gemini\antigravity\playground\spatial-kilonova\FluentFlyout\FluentFlyoutWPF\FluentFlyout.csproj]
c:\Users\minse\.gemini\antigravity\playground\spatial-kilonova\FluentFlyout\FluentFlyoutWPF\Classes\Settings\SettingsManager.cs(81,32): warning CS8601: 가능한 null 참조 할당입니다. [c:\Users\minse\.gemini\antigravity\playground\spatial-kilonova\FluentFlyout\FluentFlyoutWPF\FluentFlyout.csproj]
c:\Users\minse\.gemini\antigravity\playground\spatial-kilonova\FluentFlyout\FluentFlyoutWPF\Classes\Settings\SettingsManager.cs(82,21): warning CS8602: null 가능 참조에 대한 역참조입니다. [c:\Users\minse\.gemini\antigravity\playground\spatial-kilonova\FluentFlyout\FluentFlyoutWPF\FluentFlyout.csproj]
c:\Users\minse\.gemini\antigravity\playground\spatial-kilonova\FluentFlyout\FluentFlyoutWPF\Classes\Settings\SettingsManager.cs(114,32): warning CS8600: null 리터럴 또는 가능한 null 값을 null을 허용하지 않는 형식으로 변환하는 중입니다. [c:\Users\minse\.gemini\antigravity\playground\spatial-kilonova\FluentFlyout\FluentFlyoutWPF\FluentFlyout.csproj]
c:\Users\minse\.gemini\antigravity\playground\spatial-kilonova\FluentFlyout\FluentFlyoutWPF\Classes\Settings\SettingsManager.cs(24,33): warning CS8618: null을 허용하지 않는 필드 '_current'은(는) 생성자를 종료할 때 null이 아닌 값을 포함해야 합니다. 'required' 한정자를 추가하거나 필드을(를) nullable로 선언하는 것이 좋습니다. [c:\Users\minse\.gemini\antigravity\playground\spatial-kilonova\FluentFlyout\FluentFlyoutWPF\FluentFlyout.csproj]
c:\Users\minse\.gemini\antigravity\playground\spatial-kilonova\FluentFlyout\FluentFlyoutWPF\MainWindow.xaml.cs(314,31): warning CS8602: null 가능 참조에 대한 역참조입니다. [c:\Users\minse\.gemini\antigravity\playground\spatial-kilonova\FluentFlyout\FluentFlyoutWPF\FluentFlyout.csproj]
c:\Users\minse\.gemini\antigravity\playground\spatial-kilonova\FluentFlyout\FluentFlyoutWPF\MainWindow.xaml.cs(315,26): warning CS8602: null 가능 참조에 대한 역참조입니다. [c:\Users\minse\.gemini\antigravity\playground\spatial-kilonova\FluentFlyout\FluentFlyoutWPF\FluentFlyout.csproj]
c:\Users\minse\.gemini\antigravity\playground\spatial-kilonova\FluentFlyout\FluentFlyoutWPF\Classes\Utils\MediaPlayerData.cs(14,23): warning CS8618: null을 허용하지 않는 속성 'Title'은(는) 생성자를 종료할 때 null이 아닌 값을 포함해야 합니다. 'required' 한정자를 추가하거나 속성을(를) nullable로 선언하는 것이 좋습니다. [c:\Users\minse\.gemini\antigravity\playground\spatial-kilonova\FluentFlyout\FluentFlyoutWPF\FluentFlyout.csproj]
c:\Users\minse\.gemini\antigravity\playground\spatial-kilonova\FluentFlyout\FluentFlyoutWPF\MainWindow.xaml.cs(426,31): warning CS8602: null 가능 참조에 대한 역참조입니다. [c:\Users\minse\.gemini\antigravity\playground\spatial-kilonova\FluentFlyout\FluentFlyoutWPF\FluentFlyout.csproj]
c:\Users\minse\.gemini\antigravity\playground\spatial-kilonova\FluentFlyout\FluentFlyoutWPF\MainWindow.xaml.cs(427,26): warning CS8602: null 가능 참조에 대한 역참조입니다. [c:\Users\minse\.gemini\antigravity\playground\spatial-kilonova\FluentFlyout\FluentFlyoutWPF\FluentFlyout.csproj]
c:\Users\minse\.gemini\antigravity\playground\spatial-kilonova\FluentFlyout\FluentFlyoutWPF\MainWindow.xaml.cs(489,46): warning CS8602: null 가능 참조에 대한 역참조입니다. [c:\Users\minse\.gemini\antigravity\playground\spatial-kilonova\FluentFlyout\FluentFlyoutWPF\FluentFlyout.csproj]
c:\Users\minse\.gemini\antigravity\playground\spatial-kilonova\FluentFlyout\FluentFlyoutWPF\Pages\SystemPage.xaml.cs(81,26): warning CS8629: Nullable 값 형식이 null일 수 있습니다. [c:\Users\minse\.gemini\antigravity\playground\spatial-kilonova\FluentFlyout\FluentFlyoutWPF\FluentFlyout.csproj]
c:\Users\minse\.gemini\antigravity\playground\spatial-kilonova\FluentFlyout\FluentFlyoutWPF\Classes\Visualizer.cs(450,68): warning CS8602: null 가능 참조에 대한 역참조입니다. [c:\Users\minse\.gemini\antigravity\playground\spatial-kilonova\FluentFlyout\FluentFlyoutWPF\FluentFlyout.csproj]
c:\Users\minse\.gemini\antigravity\playground\spatial-kilonova\FluentFlyout\FluentFlyoutWPF\Pages\SystemPage.xaml.cs(183,54): warning CS8602: null 가능 참조에 대한 역참조입니다. [c:\Users\minse\.gemini\antigravity\playground\spatial-kilonova\FluentFlyout\FluentFlyoutWPF\FluentFlyout.csproj]
c:\Users\minse\.gemini\antigravity\playground\spatial-kilonova\FluentFlyout\FluentFlyoutWPF\MainWindow.xaml.cs(653,51): warning CS8604: 'void NextUpWindow.UpdateThumbnail(BitmapImage thumbnail)'의 매개 변수 'thumbnail'에 대한 가능한 null 참조 인수입니다. [c:\Users\minse\.gemini\antigravity\playground\spatial-kilonova\FluentFlyout\FluentFlyoutWPF\FluentFlyout.csproj]
c:\Users\minse\.gemini\antigravity\playground\spatial-kilonova\FluentFlyout\FluentFlyoutWPF\MainWindow.xaml.cs(626,90): warning CS8604: 'NextUpWindow.NextUpWindow(string title, string artist, BitmapImage thumbnail)'의 매개 변수 'thumbnail'에 대한 가능한 null 참조 인수입니다. [c:\Users\minse\.gemini\antigravity\playground\spatial-kilonova\FluentFlyout\FluentFlyoutWPF\FluentFlyout.csproj]
c:\Users\minse\.gemini\antigravity\playground\spatial-kilonova\FluentFlyout\FluentFlyoutWPF\MainWindow.xaml.cs(661,33): warning CS8602: null 가능 참조에 대한 역참조입니다. [c:\Users\minse\.gemini\antigravity\playground\spatial-kilonova\FluentFlyout\FluentFlyoutWPF\FluentFlyout.csproj]
c:\Users\minse\.gemini\antigravity\playground\spatial-kilonova\FluentFlyout\FluentFlyoutWPF\MainWindow.xaml.cs(716,42): warning CS8600: null 리터럴 또는 가능한 null 값을 null을 허용하지 않는 형식으로 변환하는 중입니다. [c:\Users\minse\.gemini\antigravity\playground\spatial-kilonova\FluentFlyout\FluentFlyoutWPF\FluentFlyout.csproj]
c:\Users\minse\.gemini\antigravity\playground\spatial-kilonova\FluentFlyout\FluentFlyoutWPF\MainWindow.xaml.cs(718,75): warning CS8602: null 가능 참조에 대한 역참조입니다. [c:\Users\minse\.gemini\antigravity\playground\spatial-kilonova\FluentFlyout\FluentFlyoutWPF\FluentFlyout.csproj]
c:\Users\minse\.gemini\antigravity\playground\spatial-kilonova\FluentFlyout\FluentFlyoutWPF\MainWindow.xaml.cs(805,18): warning CS8604: 'void MainWindow.UpdateUI(MediaSession mediaSession)'의 매개 변수 'mediaSession'에 대한 가능한 null 참조 인수입니다. [c:\Users\minse\.gemini\antigravity\playground\spatial-kilonova\FluentFlyout\FluentFlyoutWPF\FluentFlyout.csproj]
c:\Users\minse\.gemini\antigravity\playground\spatial-kilonova\FluentFlyout\FluentFlyoutWPF\MainWindow.xaml.cs(807,33): warning CS8602: null 가능 참조에 대한 역참조입니다. [c:\Users\minse\.gemini\antigravity\playground\spatial-kilonova\FluentFlyout\FluentFlyoutWPF\FluentFlyout.csproj]
c:\Users\minse\.gemini\antigravity\playground\spatial-kilonova\FluentFlyout\FluentFlyoutWPF\MainWindow.xaml.cs(1153,13): warning CS8602: null 가능 참조에 대한 역참조입니다. [c:\Users\minse\.gemini\antigravity\playground\spatial-kilonova\FluentFlyout\FluentFlyoutWPF\FluentFlyout.csproj]
c:\Users\minse\.gemini\antigravity\playground\spatial-kilonova\FluentFlyout\FluentFlyoutWPF\MainWindow.xaml.cs(1156,19): warning CS8602: null 가능 참조에 대한 역참조입니다. [c:\Users\minse\.gemini\antigravity\playground\spatial-kilonova\FluentFlyout\FluentFlyoutWPF\FluentFlyout.csproj]
c:\Users\minse\.gemini\antigravity\playground\spatial-kilonova\FluentFlyout\FluentFlyoutWPF\MainWindow.xaml.cs(1158,18): warning CS8602: null 가능 참조에 대한 역참조입니다. [c:\Users\minse\.gemini\antigravity\playground\spatial-kilonova\FluentFlyout\FluentFlyoutWPF\FluentFlyout.csproj]
c:\Users\minse\.gemini\antigravity\playground\spatial-kilonova\FluentFlyout\FluentFlyoutWPF\MainWindow.xaml.cs(1161,19): warning CS8602: null 가능 참조에 대한 역참조입니다. [c:\Users\minse\.gemini\antigravity\playground\spatial-kilonova\FluentFlyout\FluentFlyoutWPF\FluentFlyout.csproj]
c:\Users\minse\.gemini\antigravity\playground\spatial-kilonova\FluentFlyout\FluentFlyoutWPF\MainWindow.xaml.cs(1163,18): warning CS8602: null 가능 참조에 대한 역참조입니다. [c:\Users\minse\.gemini\antigravity\playground\spatial-kilonova\FluentFlyout\FluentFlyoutWPF\FluentFlyout.csproj]
c:\Users\minse\.gemini\antigravity\playground\spatial-kilonova\FluentFlyout\FluentFlyoutWPF\MainWindow.xaml.cs(1166,19): warning CS8602: null 가능 참조에 대한 역참조입니다. [c:\Users\minse\.gemini\antigravity\playground\spatial-kilonova\FluentFlyout\FluentFlyoutWPF\FluentFlyout.csproj]
c:\Users\minse\.gemini\antigravity\playground\spatial-kilonova\FluentFlyout\FluentFlyoutWPF\MainWindow.xaml.cs(1175,13): warning CS8602: null 가능 참조에 대한 역참조입니다. [c:\Users\minse\.gemini\antigravity\playground\spatial-kilonova\FluentFlyout\FluentFlyoutWPF\FluentFlyout.csproj]
c:\Users\minse\.gemini\antigravity\playground\spatial-kilonova\FluentFlyout\FluentFlyoutWPF\MainWindow.xaml.cs(1178,19): warning CS8602: null 가능 참조에 대한 역참조입니다. [c:\Users\minse\.gemini\antigravity\playground\spatial-kilonova\FluentFlyout\FluentFlyoutWPF\FluentFlyout.csproj]
c:\Users\minse\.gemini\antigravity\playground\spatial-kilonova\FluentFlyout\FluentFlyoutWPF\MainWindow.xaml.cs(1183,19): warning CS8602: null 가능 참조에 대한 역참조입니다. [c:\Users\minse\.gemini\antigravity\playground\spatial-kilonova\FluentFlyout\FluentFlyoutWPF\FluentFlyout.csproj]
c:\Users\minse\.gemini\antigravity\playground\spatial-kilonova\FluentFlyout\FluentFlyoutWPF\MainWindow.xaml.cs(1507,33): warning CS8600: null 리터럴 또는 가능한 null 값을 null을 허용하지 않는 형식으로 변환하는 중입니다. [c:\Users\minse\.gemini\antigravity\playground\spatial-kilonova\FluentFlyout\FluentFlyoutWPF\FluentFlyout.csproj]
    경고 92개
    오류 0개

경과 시간: 00:00:02.40

=== STDERR ===

Return code: 0
