  蹂듭썝???꾨줈?앺듃瑜??뺤씤?섎뒗 以?..
  蹂듭썝??紐⑤뱺 ?꾨줈?앺듃媛 理쒖떊 ?곹깭?낅땲??
  FluentFlyout -> C:\Users\minse\.gemini\antigravity\playground\spatial-kilonova\FluentFlyout\FluentFlyoutWPF\bin\Release\net10.0-windows10.0.22000.0\FluentFlyout.dll
EXEC : warning : unused import: `HOOKPROC` [C:\Users\minse\.gemini\antigravity\playground\spatial-kilonova\FluentFlyout\FluentFlyoutWPF\FluentFlyout.csproj]
    --> src\lib.rs:11:143
     |
  11 | ...T, HOOKPROC};
     |       ^^^^^^^^
     |
     = note: `#[warn(unused_imports)]` (part of `#[warn(unused)]`) on by default
  
EXEC : warning : `fluent_flyout_core` (lib) generated 1 warning (run `cargo fix --lib -p fluent_flyout_core` to apply 1 suggestion) [C:\Users\minse\.gemini\antigravity\playground\spatial-kilonova\FluentFlyout\FluentFlyoutWPF\FluentFlyout.csproj]
      Finished `release` profile [optimized] target(s) in 0.03s

鍮뚮뱶?덉뒿?덈떎.

EXEC : warning : unused import: `HOOKPROC` [C:\Users\minse\.gemini\antigravity\playground\spatial-kilonova\FluentFlyout\FluentFlyoutWPF\FluentFlyout.csproj]
EXEC : warning : `fluent_flyout_core` (lib) generated 1 warning (run `cargo fix --lib -p fluent_flyout_core` to apply 1 suggestion) [C:\Users\minse\.gemini\antigravity\playground\spatial-kilonova\FluentFlyout\FluentFlyoutWPF\FluentFlyout.csproj]
    寃쎄퀬 2媛?
    ?ㅻ쪟 0媛?

寃쎄낵 ?쒓컙: 00:00:00.83
